// Jest Snapshot v1, https://goo.gl/fbAQLP

exports[`should take a snapshot 1`] = `
<DocumentFragment>
  <div
    class="task-view"
    draggable="true"
  >
    <div
      class="task-view__left-view"
    >
      <p
        class="task-view__left-view-title"
      >
        Test
      </p>
    </div>
    <button
      class="icon-button "
      data-testid="toggle-input"
    >
      <svg
        aria-hidden="true"
        class="svg-inline--fa fa-pen fa-xs "
        data-icon="pen"
        data-prefix="fas"
        focusable="false"
        role="img"
        viewBox="0 0 512 512"
        xmlns="http://www.w3.org/2000/svg"
      >
        <path
          d="M362.7 19.32C387.7-5.678 428.3-5.678 453.3 19.32L492.7 58.75C517.7 83.74 517.7 124.3 492.7 149.3L444.3 197.7L314.3 67.72L362.7 19.32zM421.7 220.3L188.5 453.4C178.1 463.8 165.2 471.5 151.1 475.6L30.77 511C22.35 513.5 13.24 511.2 7.03 504.1C.8198 498.8-1.502 489.7 .976 481.2L36.37 360.9C40.53 346.8 48.16 333.9 58.57 323.5L291.7 90.34L421.7 220.3z"
          fill="currentColor"
        />
      </svg>
    </button>
    <button
      class="icon-button "
      data-testid="remove-task"
    >
      <svg
        aria-hidden="true"
        class="svg-inline--fa fa-xmark fa-xs "
        color="red"
        data-icon="xmark"
        data-prefix="fas"
        focusable="false"
        role="img"
        viewBox="0 0 320 512"
        xmlns="http://www.w3.org/2000/svg"
      >
        <path
          d="M310.6 361.4c12.5 12.5 12.5 32.75 0 45.25C304.4 412.9 296.2 416 288 416s-16.38-3.125-22.62-9.375L160 301.3L54.63 406.6C48.38 412.9 40.19 416 32 416S15.63 412.9 9.375 406.6c-12.5-12.5-12.5-32.75 0-45.25l105.4-105.4L9.375 150.6c-12.5-12.5-12.5-32.75 0-45.25s32.75-12.5 45.25 0L160 210.8l105.4-105.4c12.5-12.5 32.75-12.5 45.25 0s12.5 32.75 0 45.25l-105.4 105.4L310.6 361.4z"
          fill="currentColor"
        />
      </svg>
    </button>
  </div>
</DocumentFragment>
`;
